// Jest Snapshot v1, https://goo.gl/fbAQLP

exports[`ScoreBoard component renders ScoreBoard 1`] = `
<dl>
  <dt>
    Wins:
  </dt>
  <dd>
    0
  </dd>
  <dt>
    Losses:
  </dt>
  <dd>
    0
  </dd>
  <dt>
    Draws:
  </dt>
  <dd>
    0
  </dd>
</dl>
`;
