// Jest Snapshot v1, https://goo.gl/fbAQLP

exports[`Hand component renders Hand 1`] = `
<figure>
  <img
    src="https://encrypted-tbn0.gstatic.com/images?q=tbn%3AANd9GcRolJqqHMjpTKMX1xJ5ytee8332VT_vLI4PoAsurW4zcQQrE8Nd&usqp=CAU"
  />
</figure>
`;
